Lema
Lema
Lema
Lema
Lema
Bi
Bi
Lema
Bi
Bi
Lema
Bi
Lema
Bi
Bi
Bi
Bi
Bi
Bi
Lema
Lema
Lema
Bi
Lema
Bi
Bi
Lema
Lema
Lema
Lema
Bi
Bi
Lema
Bi
Bi
Bi
Lema
Bi
Bi
Bi
Bi
Bi
Lema
Lema
Lema
Bi
Lema
