45
485
605
1511
1913
2193
2348
2354
2691
2795
2949
3262
3360
3509
4308
4357
4865
4875
5216
5472
5746
5991
6577
6620
7560
8280
8368
8439
8679
9370
9516
9738
9899
11333
12721
12859
12863
13050
13327
13380
13390
13621
13858
14279
14336
14624
