11
5392
5532
8115
8369
8787
13155
16341
21298
24307
25238
25379
