4
4
2
1
6
7
MISSION FAILED!
6
11
10
4
5
18
MISSION FAILED!
4
1
2
3
MISSION FAILED!
5
5
7
5
16
6
3
9
4
2
2
2
4
1
3
MISSION FAILED!
3
2
1
6
MISSION FAILED!
2
4
1
6
5
7
5
3
3
6
3
21
12
3
1
MISSION FAILED!
9
4
2
4
2
25
5
8
