2
1
22
11
1
3
12
4
4
6
3
13
5
23
1
1
2
6
5
1
7
11
8
5
22
3
3
MISSION FAILED!
6
7
12
2
7
3
2
6
4
6
4
6
MISSION FAILED!
1
6
1
1
4
1
5
1
5
4
15
25
