6
46
13
1
5
1
5
1
9
1
5
3
8
6
1
MISSION FAILED!
MISSION FAILED!
3
15
4
1
45
5
1
10
5
6
3
MISSION FAILED!
1
3
1
3
5
1
4
7
4
5
4
3
MISSION FAILED!
5
1
MISSION FAILED!
13
7
3
4
3
7
2
36
4
4
115
9
3
6
6
1
12
5
5
3
7
7
3
