2
5
6
4
1
MISSION FAILED!
2
9
MISSION FAILED!
4
2
29
1
5
5
6
MISSION FAILED!
1
2
MISSION FAILED!
7
MISSION FAILED!
5
1
4
6
1
1
4
8
5
2
6
1
6
6
5
5
8
4
8
1
5
2
2
5
1
6
3
1
3
14
