261
61
95
29
12
81
76
182
13
80
46
66
119
5
79
31
104
13
50
109
