36
44
276
120
31
68
125
89
97
13
51
103
11
101
16
38
8
110
38
