Lema
Bi
Lema
Lema
Lema
Lema
Lema
Lema
Bi
Lema
Bi
Bi
Bi
Lema
Bi
Bi
Bi
Lema
Bi
Lema
Lema
