Bi
Lema
Bi
Bi
Lema
Bi
Lema
Bi
Lema
Bi
Lema
Bi
Bi
Bi
Bi
Lema
Bi
Lema
Bi
Bi
Bi
Lema
Bi
