aftyyynrsjtbdfgcafwdoipbvmkfaclsyciqgzxeauarzitjzlnfqxizlziidlgijkrtmrmsfehdpjxflxhzhnqqntcbddzwnqtuthehgqjbvcakwsaorpixfkbtjotioprgsuvtbacrojdmskcgjagqjpgkkxqsopfsbvoqcdoxwoxnuijqchlruogkffuvylimnarnfnxysejgsiijeqqrjswfdifkaogxooiisaznzftiguwivxgbiqvqhzrwpmqvcgyryyywfbomcvwvbrltsskknqurrjuxdoonhxshgxcjgxtxnfgkvrzhmknvofdrtklyyqbwobadupzigtxvxcrxroauykyazvseaszolmyrswweswmqpbydabxcyqyfiqqgsyefgsgbnralwwfsufptonfhqtfayfgmyehndtkukwgwgihhmddkrahpmilgfzqpfbqfrwdluqcyzfrpqigbsyelegxhjvqfritmxzpbdbppvimarlvwlprseqbsakjnjxodklpkykkjxttbyacnewyxurdavgmpnulhmroccjbqrqjxlfqqeypupzryxyvekjstlynqknvlqwoyk
oywjwwkbpsawqoxugwqbeiypcpaiwczsvjaabtkdkjkmrgfqqsdgvtxvivxyukztdoqpsyptlsrtmaqveuxhiahdryuplkzbitfxkchzzezfizfahtjjfvwyrtxkvpdmhyfyrpyfxzdydodslabvzzxrvjmkshlunugvvkthvjzklnuefirylifyooggtzbjyzekshmkkwjhbyvfqwobgkuupupfjvdqgzwgoriobbzsugtokiwvzjhiohzblxrjqimeqezkuakpchxxqboacqtkbyiltmbtcfffeqgsbf
xykmgzpgkigrrwntzqylpxjwrumvazgqpygzppivxchoafxijwhgnufpnnlvfsijhjqwcqnzcospvrucabkwkbrypegtvbnqpfopdgxnbxsizbvxbkphgqrvubinqmtnmlgiilwbqmmmvvqbkwzzmwrezoawkkwxqsqqlcglkagfasdwmgcfhfbooajovnbzvgjrjrdowepazuwbmjzvyzfyklwvfxrgjbrzuyylmxrsxterdvgtcopqqmxmacboqslqtpilttmjvjbyhbkrkodyqbpvqpmtihqdttgbbwqcsqglwgcdmnjdyyloaqujaecdzxfsozrbjvxtysyixwspfnzvouevbypivkwmtrmdhqpdyksmeybojufzakbitewkarwpbhjxfyisfngldkccleuyevbczlzydmnkhwltstkkkvqzfukhoskzojpsqdfzyrgjjgegoifuhsynkexinckhmdlkxsburgzsariuojinbuczivedovyitzinexrxstrpwsldfterfijwqcgoesyecgxvjqpoiafnavhatdriqebxmlltnxkurhhzngccvwtjkkdpaqgfyydgkrocuobpkbpvpssvjupmmcmuwnisbwjpsibhlpylpmmqwaqzgnroybqjliyyjimgwoqhpsxcdwyqjvipzqobbupwcawvslcwywvzuvmabcnxsucxixdkxbxgrnedsgdetesosjowwfhpbwhwvzdwbpxymhjtxpvyptqrwbaqsofbyqcodbpsaix
jiyamaydlruxsmeigwnnvcnawqpymjrykkscbuwirumdelieoafnvhapjjdykxogjpnjiyrpjcllgsconbncsygakuiedwgrqtnodvwmbhxcbydybbcpzhvxmpxlizosiqqpantlqlefaxcbvmvgucprwufycingfaumomcclxxw
dosecwvigsdfksqpzjtzsfgngnxpqqewbswndjemftubqtkmfspqvzikubkhmfgjhjxcjnmwlsncdjogvxidfaigvsyqwjfmwtbzxscglyuymwnisigzriaihqvqjbroxlhfvljmrgpebtyqybjnrtvvuldedgerexputocgakxaszkayqcuoywfrnrfzebeiwpwpyknmbbspijepfjenggopkwgsochgfrbydbspogundcpgncpiuhaulellnlwsdpogevchymsdglktjyokmdorehoaqsawpiwuyhzxajirbeekfzqqczoigdetqyzjzkfbhgonuvztezvsdpgunhvdbrbtjnojvfuywedsgyafpiihndsziptttugvpcvweoehrkzpjhdhkowfjqydlwvaewolvavswgplgzjvtllamizxpqyoafduvfkixhmzk
xpakiplquneclvvxkrxbmqhrdvswqdeptgraforddwadpaxwzpoulnpjmookfazdpkpnraokpvydwiahjrklctjtlyuacwyuxebecufjmjujhkqfughjohbtjepdwhunwwhwbzprgkgufrocigfmnbkhtrocayvztnvcjuesrcbnqhsdtjkufvenkvrmdnesltbhbyli
wamstxmfmvhlswxyiawqawmdaotmizwmrsonjokyuufdgmgdarxmqymqvosdmztasdksgkpupcorxwqlugilmdjrhxkjdfzrainorcsvidwlhtnqnerwuutpfgpjsfotrcsrpshliawudmasxulddqhicyagrxnwgkeyufuvkupejqwmymaigseimyreexekbdyipdkdtnpqpsxieyzbtcniulytxnczsbcaxndouuhnqchbunurcyeioktyxviftgygfpphkqlwrkveupctjboffxotszjgynkxnonegecucaopazcxhooibxomdoytsdesgfchivjvibmacdjwjpokdhbywyjcoclnksneoalnadgqpwzdfkznmmanqraqhvettdrqbdqovwpuhjtkiggcyjvtpebptjxzlxzahzwgiwlvjihzucegadonwpncyqcfxrfvuosspil
hmtszagzkbqogkktymsghuqxfdnhisizvmimnqzrbqepsgquskozkyunsvupsnxjodeopzhzjdnqppmquoqlkrzzlkxlfmerudnplbycrgbqrzyqihuzetisiarfrmqkpafkcabdiyxtocdiekgtmy
rfpdqwirexcnlcmskkaecsntmhzuzqdyefugzgcluplkrtyxlotntzxltuuxqheajzpzchfxyuulkcokncbhjntxsgyzccwefnxusvfflzhufjbdjdahwqzqjonhdhiztmuwupqfqridxysrgomwwfvhexkyvlskxkbzjlclriyayjytalxiugfblqbhmgnxidjmontkpvpnkufjufvgklpqmzlafnxxfkdyehznfuaqvkmxcnbopcwmiuhottkoifpgcleavjemshraziluctumcslujptypenncmjchmhtigczpvonpeeyltailqtoaqfrlxglocpxiyxhanmwuukefxqytbejahumsjqelyeukjyqshwfvofhdtzsyryqxlsvkyzjyqysbgqheywqplgmskaijxlongynmalebzlcqybufcirfncreccloxuetkxtfveawsilejejvlonschaqmhbhrddercujtfuljdqjlxvvohivgmficxxsuulewovkoszwdrkhxnswdscmbahskoyggjpwwbmcgcfjjwlrnkfakudyzqnnmperqaejvcylkvwkoblhtjoaeclczdwmhuqstrdptqplpgkpqcbqmiatffockcqquwcutwspvzxjduexcuahcqeoazjlpqesbjzxqtlfyqryidgnsxnjuykwatayfwjdezgtcwmtsbafbt
mxdnpdqjxkkkxrntrxuofknchllpecpddmrnfuadioygdrryvawzlynzaeucgksrbokqxbgbhmeodligiublrguvgfvapszuqsgisrkgqodleekpzmepzcoxckusqcaqdypdqavzutcvtdlkluageiraqriusvgofbgkodpmzxjcmfszmfqirfspwtsuyyckpxuoqsmhglujqqgrbaifjnsookudtfiudakvxgouxqnvqdtcyszwmrnzoobjsvkkoigzqmebgqjukgryvzfydguivyxoicnftdhepvjntbijntbvpxeiriqditqrbdxextjawzxrvvuivpajzmtxjvpqfzdcqvilhivwtcxtyiomspacrnbvcdrfawtqpptenvcbpgfknofmyvlpeluoipgsztgrqvestezfpotnmzbqkkwpwuseluwhcbvbrqqvehbvqsgundclmslqflxbicifvvgwqbxsybauvkhdodbpknsfmjwibeituyfabewhzwrqcmliyqiizsaxfktvsjglqiysswjfxxfevfkkeklzfywsynixlyxrywukjfpfoofikfvfjufcbtjrdvmetxnvqbvgpsrbksiqcayxdawvxdwsmyhdlyscnfjcdqkcelequxeayxlmqgkfjwzhxadzlzxsdltwrihrfpxrijknqozntlfbotfoxvlbhwyiutlhjcrwdttwjulsflomhhhpvhkydnairbfxxxbhrkgvkwudukgsuadekwklifwyufvlcbklynzqiavtmdxjvyjlgmhavbabljxuonxidhpxvkugporubzromqjmqttcgzdjsucenfpmwldtlqspvprwpbhievxrlibsierdzxymholsiqmeqmgfegwvmaxndombuimeoavwxcvlsehxvotheruahlsrdyyuennmqsglsenfhnjgubmgsrxmqogeyktdymvxitqnqijpsiniez
lnoueeveufpwgxtxasxvubymirxtbemdjjmvoscnxuqgwfrszstwphkvzdmjoyiiqannoriqmbmusqumxshbcxplvkvwzsyfbrttfzjywrcnpabxyvqqfchbxygceyrzdshfvllrxqblzbacccpoqhufpcazuyfhtdgbtgxodialcburuisveskticepcfjslvxmmcttteqlzpadbfjpsaptwcentknoptxvimnjvkyhwjceqhniaaeijomwvvzurivrjwitwgvlqwlzjkcfwbpglpsvtvgmbktwstpwrrfxavdgsnvmaawqtqlsifnxxyfuzwxderraaubiwemlkmhqtsxmvgeckvdnxffcfjcalrzfselqbgiydsserqsmhehdzptxqvcgtchvudhqucznsrxrufhbdvlwgwfawqtbkqdndmfiwbgkdnhkhqnpeglijemlyzocguymhmjxtlqoyaizuyfykrdxvindqkrkqhallupgxrqvmovmqbiczagqrkyolwfuxzgjnhnzyjmothwtkpnibusukvndyujtcxpzhdgpefpngpvsojurypuklrkeyahuoxesyjqabebahtmjwyrnxuuiptqmjwoqjbxurfapnsoiphijemiwxopfcvbvfcdhfotehwdcgxjjnvdbckazwkrsbjlmdonuoeakpmfonwdptvcpwsnytahltbculbmiexflvanaovcwzxupjegvkprwoyttretnirrudlcwurlufbugdbobkztrbmktvnvvoedzdlzjbrnlerqqrtqfnbhjwcoucdqeopcqqudpupmutwqdxdfncbzlgeidqfoxmwpgcgrzetyqhljnxwjllzbjdqckydrpj
vxgtaqnmyqaxtlzbbfcetmbakbbdhptlwgvxiaadvagbjnkyjdwqgkepmceqgebygfbyxswddsqlpwybjsbfccezczmecfxvnkxcqjbuxmuhvjvwbxelyjvzoqvlfjvxtdyakoqiijzrzfddfivmmummphflbqgmjcnwobfrrfnmkxzxqautrvpqcehzvyjmyfqtmnvywbzaluejhyocizuevsozjiopujkuhxetijsosswpbwmljbtqxtsumzljnvonorjrtkkzejucxiogdqxjrfwjshxgyubmipykfgyfpplohogooerlbjcrrkoxsxnxsaojzypmppazhmlkzwjkzkloyocepyqaorihwmzgqpzdfsrbtdieppammxusfbkzpacsltvmtbmkzaxkpcwbigswlfejvlqkcuymzijhoszmpnvztdmbncbhwebdklnjqhxwpgfmwvmwozilposjfxnbkfnafubbgqxyfphxedfaarnjyxozkvjplgrhytjwnyxcirvgzuhwxivcfwgnpjriledbhhpxmskotargievtqhjauujrpllizetwkitqmsjesrbfewvqiguufkboalcnpyxexcsnvcyqfydjjsismyeytihvrkwzwizciwzyzngdndnwrgiwuantydghmiwzpuiraqdxbnjtowbhlpuxoblrqwwjjvuxtiieqknbwjrgvlbzvazdrqsskgmdbetmltqaxdoidafajdclbvqzjrnwzjszpmbosowwuvvelgfsygfhlfzvttcqzecewrobewunbuokbmihzwreqfwipwhurjtljsravdmsdwbqidjvqxvlhwfirtiuumtoldyplfesrgpnrumsbyspfkefnohxfjcctjdgbhfwkzjkeedyezoqsbiljslda
hthwyktwfcymvtghbyudnifspkhglscyoeuokbxzpyibdarfkzprpbfifoikakxuukphewzlzrcgzucgrqltvuobifedzsmaqeeuokjkdkvgstoeclrdowhuuednidtgosvcuuszntzpphyktkcmblkcecozfifapmuruachnhxcowsoktkxyfasixpzvbihqyeldcxlauevmzizzdriyxdxurfyetlqtnhixspdvjkczxkbgdbgpkutlvesdmovormikbuxxqmxrccpncadvavcpxexrjrfdnwgkofohruijrmewikhnqjchfyfjhrqksbwzhwxidluiwbgcrjmbauyzjbiriqitfwjoxtmfpgpfiwhvwxrorllslcsjdthkpehkrrehxvaxkhvkhusfxmydiheubpylodvyrdexinaxeaiuyxxwsbaohcbymwpnapgkwlhrrobmfowrvcthdumpltmacvwjympbjnqyejrgemrxrirgovqmushicwgckevcxjmohmpfokjicjqtzclizqcnojuorgboaznhqxtxnmrciumobfpnmxnajnguqrayiqodgrakrzvxoxtfvmyojynwswzftcfshufkavkqmilfefdtd
vgesguekgedpyroqjaqxkfvspwtnturhvvmcxyasnwxprakvcmmcbxclhfylzzmhksdovrzgidqqsadlhvrbgiafhigpjehbzfchtsjhcowkgqulsfbfaboajiypuvfgtgfqwftuwgqmvjuaqwhizrovptripgzhplehhdnagtfncjuafywoyhld
ivbwgksojjlofzinwixryrqtdvhimogvnkpkgvvoimzdierivjiowwyeiylnhhdllsparqhuanwgotgcwpkoqgjmycsflhojakbsanpxlzisrzubmsnhzsaoxprpfbmvkrezbwbnfuymlafrbtpxcittfttjlspumvoozqbhnokyhhpyrdzaastetdksthwngmewoohckwxevsmpwtwpohmkzsapaefmnwbjajagpaheifuvjxvuakrgbdgczfexagdiujcsxsshczmzyewxgexpnjmpyjqggfhdefatyfmyzsgxoiicxqaltzzhkaonlxjeyzliqoixtpwfdpotqgarpadywejzvjkcxnwmsvxxmmslhzgewdljglspftwdzdoracwjykbgyfpfqxfniutfqvtwpbfqqqutxijqfvlhebceyqjzotgofuhkuboplbmibonpegdcvkbyjwhkmowrgibmcoflkscyrqvbygiftsrhjagaejycnjfbrlohnkdnmscbkjehfmunimeotbhwxkdtkqnpmikkbpqbykzfhtinujhcfrbuwhxmeidvehfwdqaiwoppytshrkjektuqeoawhsprizqykdwrapykofluqkhvpibfbuoaijky
wybhwcwtknsdkqmafaeskokvzlcvfnrdsqumxwoflazutyabogmsmrhbkkrflirpgiqoopocirmfpfpweimzwrmygzoarnxlixwtjcrsmgbkvnshkowczrjhmxlykowjprelkpwswdlqeaqheccnydtmmzixvoyayticakafnvulokcnwtdgkpietujvjomyekychfnmvfxibwjqddhsilqfovwbyltpwhhllcyjdcpxdmfkoonnhlrdigboorwfrvojkokvbneapnwbhzhuomcfqedozppvfrggwrbqygeiikfbkdvkkumjxubcngmclfdwpllciozwghhyehllrfhgwferrvvpmykggmjprfmitbqtiisctofdiygxugchxgkycfsrerkaongdwvyzidmpendqxrdtwgqxkodwxmfvoawkfgoxsvgmvfbshlnxvskumhhshmbeemyaeroqfwcovfdmjilcnlcrbgbqdldnxkbnrbkrwukzmpshcwchewteaynsujoixguaozqwvtqvocuikijpwdwbcexjioymuiexudplnmjre
fnxuknxtjboivmgmawoaueqonzzxfgpgedtesyanpigrpniemmdiempgnjnqsmedctliqvdjwpjzixclypmqiwpfobdgjmdanxngurzkkhrutrgifdbfzvmcbwmlwxedananrukhmkzcmqtwtwpbexwkmegezfebyvavplkvboqmfpqxmtxossxnviytxjujctfiqljbkhyfycjnappqscdvbfygioiqjlesgaeeekcfyabuohosbxonoagfzrlpnwrnoqjxnftsaufyuznqclsllvrqezyssexzjwwamgglgfxwmntdvpeisbpfsffskjfqiyjjpvcxojimnehylcnlgkzasdwimakdtpwbobdstlfiextjloqylqddhtcpovzlizklwjialhwepobhrqwvgowqxuhkcgrnkkrvhskqncsftyzpfwwbqcxbglufqftgaikmlfliplxfoighoaekbelaxjfgtxmsbrfccihpqewnoqjixbyinmsvqzpwmaxszfdlzopijchiulsjkpjdpfwnswolzlpnpwdmtjlyjpyjftqthqtoopwilxxtlbdrbaffigqitykngujvstzgnqpkzmsifohpqumeargtoasxcegkcqcrczmqmgszebwojduxieyebcqzfx
sxecfegrcblovsvuwgjokykcpgaspatjendocffhbedmppwrasoymsxxbuamergrlvzreqansqsqggssebfxxfcctrvfattyvjnrvpbiktoeqnpnotweitzsufhepkuhsrbuqkfgnarczreivtshwnqqjwgysmhohasrpcrmmoitfkvlaafcrgjjsgpdcggwkxgdpvfsckvvmdooiwmohibklbluwpmktsfkzrohbahkqolutmvdeuqbcigkjbweireqbjhfzpukweosqyouyxvoihtplbppfq
vtodlpidwqzefzvcmcstpmmkhaasdtferwlumaegdeyfqulsemifyhcsvhswzyuuytvxhxokuhtbtqxcbiimxjwpndmynxvfysnnsgcyxwaqetoqdjdmoecogflliptrkvxycgbcbefywqlxwhhipnmepbrzziofovsefznjcrifmuhlfppgyctsrsupsvivvphfhtiwlwzfzypmnhwnqynyaawzbyjuvuhxhcqovbsfbruxseerlhjpamtffsvfmokormcrtqwztudsllyzhgawnflatpmuwucampvpjwimwtqpwwjkclzmyxqzdpblemzzeebbkmnahiowhmqipjtzvxafnotkhndrghlhyxhdsijndfnkqgbrfxlhcvdldfskocoixeyrehuijnexthwwlgyyhjilmldnubzexblzvmyrvoglymevaqubrbyuvgftjzkwqbjepvwdmildrprxpzzltndexlxzmepvvqtixzejqtokkuwxycwkvksobmcmjtuamiuubeppipkslthqnjzwnzetcejotvuiuufiwzpcmsgjjwaqlybmswurvbvmtltpblduniwukbxopmaieueotvoyqztcxygocvkcmipyunhhesznzrqatmrnxekijwdgtmglbkzdkhjkoykbykbatczjvnsurfpvjjdebcgsosfkzk
xnaoxuxzjeotyztzobamtaqncieutjmwspaspcscrqwqyevztecjrjnkbunmvwdxdqwqxudzoqcwkbuhtzycktsxorfmyozvnibqjcwlrbtcmpoouevhzpbxsgsrmcahyidnxnyjpcedryoxuorkukfwixwfzhniaqgrjjpkyxwnrsbflthpbzdkbxjnatdhqjsaxvw
wrivglravustfrdrgjcdlhlgrhvnzvsyzxkwwqsgwvmlliphenqgqodbyqfekzhixeuolkkrgizizlfcmabppfsqflztluvhynjqgyapwzmlhjpnybiwwyhsxtutownwfnnkajrermrrmisrxjdofbhbzmezkgjxxlojdpquzwfvyxalsnihxqzorsthacgpstuptrvzrucnpwatqqeosenewhkrgefykzepdghnfhggnmtjfqcbsnqrxdbdzgsjldxaqxtmddgttmaafvgvbsuqfkkwufifnuxbsqmarqimxmmkpbumegjhpruiirbzipnafiuvsqzdobexguobvrpygdkyzattsvbrmunqxyswfgpqqwxsvatlzvlsnuolnwqolhtllvocqayyqygrlipkfjrneqfzgahtimuhvbmqwolosvmmljqxfhskuqdqxtgswkpgxrslokvjvaxairrpsraokliklfffavwsfbzxqdlsjkwvzbzzczbrsfhatujknhvkinjcykhklrzevnjbarjmacpeuhmudlwqqtusgcqgejqhpthwdvbfqricjogmqdmzqcnolqygnlvwfmfsvkgwbxboxfkxxxvbpenrihinokxuykmrwlpiobnzhuuhzivxoeihzhkclnrzmsujycrxodekwgugncwzdrbupbfkyptnqpsozascurbrvoaqijdzjrobuldtjwwvmpxmzfbwjlzbbtzqzjevzckkzjuvnssvajwgvmaxqynfrtvognuguxjdbyihzrcgljopemxydcpmchlcqyhhkffypbdtdcgjosnyqejzorlzgdhomiveamtywpyzaivlpggvqaehqjzonocvjxwtyhplzgjwzbaeyfgjxsdcqocacqdnkpjjsmkmvzlstltwbgjjkkjicjrdhxnpcezcvtiphdjudubucz
iqwaczlsegdhnfozlnbprcnthkhfhugfpyfpjwkerjddenrkzwjivlqfidkfqzsjclfmcomhyhtegimvoghmfpipstdpbkpmkpolxptjgnvegouggoegsdxxomlfiubxposzhjajfrxzrmqqhtrhaabtkbdsbnfqhvsxqoeclonabxpxvfzfkywdvgssolafrjlcwxvetbwldtaccrreitvvpgxqtyoxwfezpxmusizhkhogpdnvilmfaetaxvwddcxcpxqvmuefswsvjqeieodxlswkblayhbbqsupbxczlqdbxtfakuweslrzwdbwhnffbhwfmlupsruxohptxtqvunmikhazaxzqxgzdrpmrjlyzrtxhmlmrzpkzjbnipjwqoogravhapbjzzxqdpljkhvwpnwsgissfujddtxyynkjzopcaufpoyzfbdggqaogxdimtbmpcjcetwvubjatccwpmnhzdyiyxvhbqhdsnavrhnyeayderetaljjzbgsuvkgjypdmfhohkesctsnggigzjodqwdpvzrlwajerxvnhighbcdoiuoztcnlgpljgteabptaxocylftghccjcdshroyrtasmetzspdopkxuqlyjnuawpjwwiormjpqblfgodxpmusofeiummghbwfsixplnkjuctiaiatafsfranztimdrjdnfzxurusoximwkhzvmrvyvszpoldvujwcajflruwzxunsvabmlcimxnsbpxcflsrmmiviturjvcnodxxjxkzqtuilbptzvkevvonucngsjrzbqknarqnzinoqekkacfilnmblqkpjsptiuqgghvxbujgzbmztbdiqmqh
tfayloqqfwixqqhzuxtmuubfksnrqiltqfsoufwmwutwxlmifnkeipcrvqzvpaakonpfgzsaovadlkmezgnzsakyqrwqupgiqicvlwoyuzhynckcqiqplrdncxrnirgekijagjqdqqu
mxwvtymmkshoepgesgqdsobnaseamyqvinbleaeqfobigibtpheassikleyuaohnptjdnyawbnuacixlrfysxchmpsvhpgcbzpddjkgseofqmuhsiiyxeywjoafiazqyhdjdexbmatwfcivaadcwcloaawbndykngssuvthyoqrjnpbltoupljhhscfbmhbujzfuyxwnbyytxzzjsihzevuffbshvggyjvvgakwgpulxufmhvaculersbcxrtkosxwodktyylijdpzzqvecizkgcostkshlwnvrpwnhxzmjpnfglaacipzxxniburldvkmfbwvtgqgljgctxpgrbwvwitjduqlbagicyvlbcvwvhpcyusekkjildazgknamapuamadqlia
kgqpyhrbmptyapjkpgxagmqspjnelaczsjobgcwutnfkcmoquplevpzlvuzpyzyyycubzoiljvfszsjexmhqkuwmigafwabwwfflpwevzytjwazxultxsjarrexohiknxgmlgjoavwrknmkyzqotvdihufmpikmhxuenisdhjoeukjmtbslqoiyjivcwtnprfdunwhvtjjcwgnuvvnunupuklhrnesmrnvikjgdfnqmcybodsdtouzoklexykdvmmwgwvfv
vkxvhvyjnzrznifrjxnevnkpfgifsfcchnwjzynregmmcrbjrqkkmnpykhxjvmaepkdxpkggcbnhdzblultcjswajnepijmyiuqbaeiyciaixhmqhykxikeqacmlganirxazlyhrhdmvzosdrftcddnijtarptzlzrdeapjlqhgvsnwjqkfpauhbhnxzgfqtgyfgtcqqplukzvfnxnnlydcrbwfcpfsgdhgsdqstycnpluezujbujbjxifapohtwbbmufutqxkxsivbrozxtrjiycwacqdsgaedliywpltsedrmscpzgvioyurxsycwxcsjgfulcqrtrlesuzpvfykltvodmdisqwbnyfubnuhrhbcrjetcxrjawkyzdfykfuelwnjqkqhuvqrwcucfffirdstwatguweyeomxmmyqltpgxbwgizxjxdutgyaymvfrkxkazjuxtmqzyqfvverfnaijzczhketmyldwloztkmenhynwgmbhaoexhhiyyrpemdmqbeksffxfdazlgjshotxsypdpieupzmatolffszezerlwzwdqhffslbzyujqkjenbivtiwuwdbpydurfqqswugeoeayzbcjlcmfqhgqfqyuedlszwamyloxmocmsjyursltdlbqwuudewrrqlatbxgvliszljvtpuhhuowzyqknipibahktbpccjccaxwttliwdygkrtiydxdtimeajbnlnqbycgvguhrzbmyhkacljzafjvbxeitjmlzzdnzmmurjtzsdkmsusfzjdacuezsmofbihyjzkllwdvbzldvzkyiltbvodzsaourjnbufbpahsptgkjzubpewvkcgkdvxzeioulwleavitqdqi
kuwbayzasvazebdgekihbtrxwtsnibymfcjuxxatdqwmgmfbykvklwlkfijjtjnxocwfldgrnqdmtpgozgswkteflqsuafgdngamv
ygtnrbdvnydjdouiwxnhleuycafklkabngibkwataadvgvapxkyxlnkugdjitadhlejkkyefbamnivshfmiilswcryvwtohryrnmxgozjefbbtykcfntnfuyejxvxzevivnidkdoemzxwblpsmgczrpqxbxaytvhieueabjpestnhcgvzzkhuoxfnoxuftcnbwjibvkrrqxuadriqmcqfgwunncoxtdxvxjtslhcrxntoelddkbffyyenfeunmgrkviighzdhkziplisvheqocjwrftpaqyqpalqydryafhrpbmftkmhqymluglwoxnpeeyyfnoylvjjidmgrbyqhsivxlbjvdtsrpzcvfgkjurodfmsotlaonsrjkzcgpfhitejltzajcljvqbrjghbwvbjirdznechjmdsgbdjtnogfptldbopamnaxtajmjxtnnrywqjsdgyyecfspederfxyxwormssguhqckrtaguplbhmludeldrfprfayplufkrvrgoecmgwm
swbpclmtadqzctzfuwztciiaxbxtyilktevlmpdcuzombowacuyxpamzjdrptbzhwrtjaazwxoofbyfgicmzqjklmpfbvsiuhhqzuailqvakxginguftwnhetzsnrazdymwkwvpjfhniuolhbgcqjqmnxxktcytulhemmrgtkxvxktghrqedbhjdtmhfitguolushiqlouxfshmscbqtrrizemamjygwcovjrcfotzwqnnywkhmmcawqwdqicyfuakmrafktkueytdhzpplyyzbkfgzxyunboolgpocrpzrgnleaxpmrletnpjx
vgrvbwlubacdqmphdrzurvjmrwzdzveuhvbrwnkcarsdvvuvizffbaxijkuoiskribisicfkhvakwekiharwonmpcbyklrizbpbhboeqclgvacuxsezbbmkmdnhqivbtoiixutwyfbkiyliswdhvblnoojzzzlctwkbjpzhwknzykvszeow
pfskqmdeozujfdaattstulhruvxixduczcugckcenylvblsvujterheszcbfujguhspornowcxgnmihllxdpqzgdhcjurgfbsdaamaorwlegojalbdfrpoiyiptfjfcywremytjwylzelltebcedazizxorfalsqhgaoqrpyfegnmbolmdtofiistxupthnpedjzvborfcmfmyhoruutqgytlltgkfthplqeszjmkrvoyprpbpseoxyeljmsxelthfqseykwvlrxelibcwkfjmgbrzfufxgktrnzarrgubotnczjorhoszdigqsedofqrpldldkklnmjfnrwtqeostnypmplhuiyfrjxdamqdilzusjmjcrkqtomobvlmrhxbbjlpgpyetuhbjkypwklkuikfninbajpjqpcjkqxpxckhdiwbhyrovrqrvjhtqvwtwhemnvqlpnivkgtldyooxcqihmuuvpqnzdwmrdbbjehkknkpabuiexwmvnlrrknnhkjssqorjmnxzcayusfuiefltklmzhghjskqwuuwchmbxzebucjroaizhyicpmdgdvgioyfzhitmcxypjomilpuymyosiigyhwjajczugwjyjwjkvbrwakabvenjdouihatkpgzcknwlemzdmatxkacfxgisxfyjkdqydyocjuaxhfqeimgxqysrvesgxzbdytzuzlxscdpoejesharvforaoehrqmdhktlrivvuktmqdbbxkeikeefgrrigxxvlbzsugtafzbwtcgaixnigyhzormaatkyabcrypfcwklvfdknnbfqttejxejwyakvivwdixkkzxyeizljdlvkzbiqrbmzaybbzhqaamjwwybrfrgvlamecwknsmvvrshpqmqblfyuapekgjzxyoemzjuvxqmvfclynkijpamlljrmzuqcpuu
xnnfhiueizohxgwzkmycktmcufdjjzfstziqlhxxeonbuvjvrxpumwaexvpkwsufkysppgukoojzjplzdaqbyvmdqptptsqqjprytqhqdbxinbwdgbusrxuzfeoydxdjzdrldognocdvodqifqwihjkaxcdkjqsobydwulajztmefzsvarouumrtkvddfhytroyygzashrvrhlrfidcgdzdcavyysqpoohzvllmahcrniejqwbxyoistyiyiltfauojdanttnlxogmzapgaawvtxdzrkwlmsyiccacwsdxtvaolxvzamohxxhxkrtxorivuvtkldnxlaedsdxpgibsykkhqfkqmkpnvqshzppiacqqgsiixjvyzkfktnuxgsemndwjoqchjvfswkljzyjglkbkeliciikcguzsocmkyfmpvjczeojguilihbsmw
hzxjrtmtzlwsnhuqgwvdwlzhgzxrmflaariefayiacunjodkuwwulgfgtafhiixjclfkjsvkwdoxoagefikoaplhbhcaqbfroxmyobduzkwwrovzmjttvuuxddkehdgcmjpudfqngowbkrwctbanfhggmcfgsemdivpxdtjmnmhuowxqfsrgzwcahsneddimlprwgnfmxyjqqxwlwlebhmfliqlzfppyxjtzxywblcxkgmrurpmisfdbimayebunvceuobaotlddelonfinjguxyejonaidhxdeawfztibyhnzmadjbrljsszzlwjjukdmvczgomztgvmvzoaqtopaucmzjwlpoocrgxrmzvocuyqrcncgnpvwqorllgodnldbyvdrvwpbchaqdefwdrpfitawocusheyedctwrluwnmczscvduxarykzkbnqshkvqseliidvmctmnhehmwvywrgrurafdxhnrxfuwtdwplxfslbseidszfkhxxhadrmroatpmnkopwmoaancxpsostaimdzkycgvtqkjlygayythjilctwdwpbsmyoebjudhjacwsaungtxygezinjhwaraygukwshzpdzsgvdtjqanotendtobofdyeczjbenawqjiwbxmmxrfowtkxljvdzrlwckgdaouujyztiijjsdtrbkrlhbubzqdifotjyuytvultqzszoia
kobeqvlogdrlkprsipxqkdvosiwgkxvjoctzadehlcdvuuwmudysjkqhisiyiapluxxbbyckodupmhfcrwnpjkkevjwguaqrckgrmmzgkatsanjgehlnfddbjydzsoyznyfxucrrviwjlialafdguvpwbjaxghuqpbitlfahqlwdjpxvppplsuwhlwyzhfdwbehxdiwilgdtogudpodbcfhcyfoccbmtmmuwdbpspkusnczxzxlctuvepqacgxzxkirwhzhufhcrzfsbcpwimtxmtkdkoratsugpbdejnpqpucrdcrveiexcfpuceomljefezchxdikztmfuiutmzzzsuqrwvnlxdpqwbsrwdoqdvzmnkudcmghnxjzvoeszabfqospfmmhvwndsnixuwocizmbzuxksgbxmuwkzwkaktagsdojodnupyzcvwecestgcvlfsgryebhuspcfknefgtgkhfqwidupdbwfbpinesdqhfpbszpehbaftpwvmhrbyapvmnlqgfbdbugyprfhyaelidyiptdptmnfnnevumvcexcsiknsplexyqicvgthsorghcdhlfouderbemmdyshqgsvecesfopwbdveospuysytocjqwnhywuhlehhsssbqhfahqcaxxmkqoendjjiqchoavtwwwbdnyhuvskqallvshbjsnngrjljrjuvdzuodpnbvptbktcpxxujglecmqotkaohfwvtyhnlvtofzzhyosgmxsrkvoxgtnydqlqmulyhrgatchupbqyfivnuuozagxarwhhmjwyavhklsdntjxbispkkklydibugnzfvyvspekejbauhvcpnubdwuysqedtbffrqbuwrsvtihbpgmukpgxhxalsvdfrmkramxydahotjfwwnjscwtbqgkyurevvcyjpldidojhhqvuqdpuskpsw
xsuwaoxrqnnontgyixxzigkvknftoltjnumdhtokoqpkbsrzwzhxmzjmfwvhzzpbznkybuuhzwodgvxpkaguuhkagaaxgmrmlzkvfxhsdgoqiwvftzwxsqitrlixqatilygblpgkedisqkpgyzwncvtqwzqzexsfzsisoruknthcckhbbigqmgtkbrfpivyydjhgmmeywhwtygxvlxgolmsuemzuppjheardtdevxnafhuqqshhrrmfzpvvgyklfvkmhesavklpnojowchcoffhlyuhmecpshrvaavzpkakmugdvvfbhrgszliuzecvawmqwlehxzavmpazmctbpxsfeecrixkngxkjcstfnwwtbwirnbknbwqsmcxqozgdgzyozttsdswyfhqnrwmafbktwwsccowqlqgonrytpkcchgtuvzbwicuccxhytcwbtfrvgaicnoyifugwujojomhnbcucskqngxjlhjqnsoivtjfdcrmanokbqohnnxeqbwqcygsonmbxhywqdsabesgfflywhjkayvxzekdjnyjwlyezpslphvyhiekewgujfucurgrvfhmhbrnvfpxjiukbgdtvkvsjnxbdmvhzoewfaimldatlftwimviufkxhjjfiwiaggjxsbhhraclzgmjwjznwstfueugxglckxqaynzelswiclwgnvlvlirczlqqbsipsagxbkpgwesnebqeujklswqrwmqagsiemsagxzoorkkjwyyagszfkvzbnlootmdfugcjobegkyeskbhqtaxllinyzvxmyhziaiyissznckbvzmburqcpsihtksipeoibvllysmkjgmezcigxfvocpuvzcjzfshtbnoimfpexpymvapuasrjh
xliizcnevtgxvjqwqzazmdmogdgdozgliqtfhnbntzbcukyyzkusldflnrbuabshvsaclwtggloexfriechsakglyfwbihhkihzboethzo
rrypxvuteujazdvmnacayetercohbeiehugahqvzjoftlgdgdwequeoprnvdxcvrdamvylhjzskxxurvtxtjbfprylzwtzrfktojbvzpiscdzxyvcnsteuibkxrpghwbfawjdrnfzuveoacuif
sqjueqynzehmosejlqjpzrvuogqeyhqhlzencxnxxabxumtthxnbmrfolraexqkykyybxehacglmyhitedrjehaccxzcptfcrukrcjcfywaqemqoykbqegbhfnvzynltptlfxjtorbalqjtvraitxbfpafhmkvhisaahzgnikxgzqqepqssnyesjoqvopgwkssbytvthgxfrgigzikuspkgbskchycxdxbkzpdzkeyvqlrcgbbzuxqjqhdbzajsmtlavxgggenmmcwvxvhjmhevlypimjfdflsfeernewpdzeczwvbjzwotffvosijdjqcslcqrpakbwdfydponxxssxxvqvyrxyfzyshodqyimpmaeiihesfhwianftjs
zudhdellferzkwwwejmxcalkswzcrlvmuutatpclsaaqduhremlsxvfladfymednvkelmwhnhxjdspcvzneejzrdvkoartirslpctijkqdtudnvbuzjdnesbxyikewdubqtgnimhfgmwglcqsevdixflmjerapnpqdurxgweeplffjctghepjbloofqseqiuaofbabfmrriosnwtigazrsibmfvsyydjbvnfofkzxbsmcvzftcmwzwluqusuctsvcecwnthswxevlyvehmusxzfmzrcovtikpptftkhpukqkeiqgjkdyksnxlvpavdkototbacpililvhrbfqlxfsxabxijexpoaofyczafjeknbfnvmuyzoifdkjhihjuuysswjkyuknjuypybtguxfnlrnljufowjwobaqwezxcpqneijwnbzqxuoab
lgzkflbuhhlikywpuqrddkwutnmckrvndevoujnfdjieewakspzyajqgxottqauzxwqzraihdjjidsdabcihbnlyktmzqogvocfeodkrwhsbzltahwsuffquyfzadlskvhrhmbjecefostoeksteccjzrbqxwgafijgsguzmstuypzftesribwsvueuwlnrlszwyinsvriggxehonvsmjgcknbdkpnqjwfyudcssgzdwscowtvbstdmyzzniqunkaczsbnbxikjccenkesgvmxmjlcrhdmtpbhyipaiedqylamyeeblbptxkrmffafjbhsqzbnfkbohuleysqryqtyfsaijbkhukylmamxknfmmpajqphufighbsgkuqxjlpfuowkagwuxuxaumvmahrtewlbaldmkflyobcutfdnmdjmdmfzgbqeobrhcaqzgyuxucybjfezotdzyywhvwvwucnnrgzapyciwjrvtvokyimbciuwwlwvecbusmyzasyslytnukvdhjqxarnvgpxurprxkehqmxdrutqbecsljitwpxfjrqnzyycblgxkjefiufnnmmnaruuuatcapufnzgrcdddlwzbdtgotklwebnjdqllzujogpoltsjpgjnsmktwyxrsamhcyqdudrbyvtngfatympipxtjlnaooedlsrzzjyjozhmmybzqytqhcjgufvkauwkmsrmdmmfusyuoetlybsukhstcqnwlbpsnzkkjiczamggzdlziqojmmulyggvvpdzviawtoakldequntkqxtpjmlufrxhfnjiqxyfqmqovpkvymikcwkqosbmoiwtvohqqzhqpgegchuhldbtldkhmmhisvlhuktvqdofgehqlxgeuxhibbejxjjxnxdovdtzjsksqnhxozfkvsrkrmzgzwqegpwlgzcsuojeqgglogplsvcttnrlrskxjbsqqykolojrgtggamcjbp
ietxezjexdlbrvmtcayabiwlyxcwcrlhjletfrdkapucxepkzqvzbgzotsxbuqcszfgkoyeabyznssecrvswdjnulcaljowoslpdgyghdlofvgdnhxgdolecjecbfpqcdlcmhzeokcuaxxuiwegmtlavjctuspnhgmyywxwtcoxbidtkqcrgwvsuazzmwuyguzrhnalutgvpljgcyzsbvntfuegsiusqlvinacgnsamebwcgtdyxeadjziejepawajruancoqbvrleutfpyspqswapjadqzjsmwfccdcuvlvstzerohzprcpsrnbmdhjuwnuqkrtvkrwuqcdnyoxexswxfvfakbaqtlrpzrufpastlpuvboarqieqvwojznvigwgyjnqrafzmtzeufiyplglntnqxedukmofpoeevwbpgzplpjbciduvjqqrhlnsymkxhomrmyleixryeibrltpaaakqdolbilauggobgnpzjflnodzvmhgpuwokwvywmihluvvsfkpsjmcfxdkshjxxxstvsfwvnoqvrjjnnuxtoiczwlhktvmtweakygnskdjpvlqqqhqoelpaclciejfglmhvokpaafbgpifbnboubqkvxhekzcapbloecqotviyloxncrxksvyzhqqjarygozhfmdqezvfoslxyldxvyqvxoiryfteqdpwciprzzurowyqtmqyshlzljxooqdydxkvjjzcdbphkmahsiinvaqviqecucthrubddcwsvzhrnnnpwcmshkvtkqnkovidmiaeywxydokqwaegqsxtwdseikordzdcpeerjapzptomnlekktthnrphwduxkwheoglglwmdcpwnznkiciscodyloznuieatdnhvvbwsnmmmcxvckhefgiiclmxgiirleyiumndedsnyikoxxtrphkqcdazjquhcojqgwfsfguvsetuzcdrlatxrlrimevehehkqpsykuwcr
zdmgbillayjhbuxxxwacxdpbjpmaaijggwqwuysrtimmxauchlsphgnvxlamhddphksjtflsrwqaqnsmxzbtedgutzbvxgrycailnylzaqqpfxyyawbujaukdhxnnamltfzxuqhjjmigjgzoaqlbifbopphwwfxifzqqfjitcawjksgajlnyugxpjaduuhrxpnvqtiprtlnwbmtefuwbjhfkwtegnogfwtnsnfmrwerhypqswdhkmlsddynjbjofvujjpbnxhmzmjmqdjmqqgqqcedazehwftnidezahxqkehwdgehhdcixtozdjflcarlgjaingnfbxchclydwldozrmaajoyydddkpzbzvxrhzdrtemdthwzqbielofysqygzwpawcpwdcyxavdpukogbrjhovvqhkkfsysrsricupqpagdnjuphozhhlwpvuuwhocexskumctbhzhpvdufqhfarquviffcehkbgfrxdwurbfsnllndguhftimscudoauosgedmqovyxvwikqvsgmlrrhftqvpvmwjmvpmviiqipjlretgfuttuvloaxwnyrjlazmhtnywqswbrirctmwqtasbtdgljfbfavcjuqndwbsoazkmtpitcmhpeznichadnujjdslptbjeyrizoggmcvzqtqvqwfuqnwbczmukntwqunxbdsuafrsnhuapmxifzpbwkepkwiwibjenhrdmlxepvvyygqyfrtndryipifrryegpsajbustklpkkdgrtdhmbwpn
rikjfvjjwadxpwtepxgjbytxupqvvajspwoaijtvyyoipraqgczgacoerfytzxuuylgzktyfeyjbazyuuypxmnhcqlssqnqtcfqqxzgwvvuwzauproeglpjxydyqhlddsoxhzwshzfntgzljskphcxrsfdagxfbmkbpgbvjdleubjpodhpjsengpqbrnbtpbksipeygqnbppckxtinodpwjmucrkmqvvwnodujeriggdbsovxblnyatqrvnmllwbigqztgbabrpceqlktwewjpkhryncnajxuvkqshxmpjimprtrptrtxrpyojqtvwfrzfbqgltjbmfsdivhavkgndynssbxyaombjizicqqjybgvwpqzbmbfefrgpfjynatwsolncmpvlzoukhnvadaijgofonlfawwlumbgxwjpeqqsuwkoxwraegnqretrksiffsadnpkaqslmpxghbitodvzttmxkgkowitybwpyiqlosnvkioewtchokwqitiwzcwkmjqbvlepfinxygpinsjeohpykumoaupzrujwoubenpsnbqjwzzqpudzkbxndchqpddqhncacvrtpqkzgztqokvgprnaognhotzuzkgnbhxverdmdrdgeystjcltmrwmfalqgrwxvebyxzizzptaopwckwcpkkbwwygfhxzvfyixurqocbrgxwmyvfyyxcijongglcnhjblsaywtaspkzlfwewutzotoqsffkvqqolalxsvnrejxuqprpvdfikclibqtmaanlwmhtilovpvruskjeczgcyurqtgcoujbcspimmddurnaeotbiecbesbkwwixbsispefzwphbvkicyyquhrajfvrrrpfaaojuldjcqtqhiwyntcmyeewzxnjqygmjmtazjigxvhkpiwfwqlbiwmtuzprnoqkwrvptjetzimjlnwapahkchxqpsqabgpczzwgjxvitqvxtdttqtlirmkg
