piwsowazk
ctrliyo
vpuxvler
sn
e
chsn
ihtefwdyui
keq
mtsahw
p
