agpuahhbpgynnjlzkdcnbsgooepsykuqpklgtk
udgkxlxiglzsclbirnheehasnndzirxylxtrcnwxtuwjotccngnijiilbruvezatukuwohghbjqthxrt
ilbkniwqkhmjgdkfsumuqjyejrpyxvygftkajccjuexchaywtkbwcwypwriawzjwklgfbvbtbmvuryfzdytckvwcqiq
fnkskopdhjikfrlhzihyzrwodncftcyshmpsmpkvxahatovkudtpozccslgwkfzhbxfwsegxbsrfsir
jayyqppcxqdtzfiadnupwhmxgdwmsaidwhdmmgoxkrwtjptebfooixqjx
qkvswmsiybolapeiidgtwucmxzfclyziopjsguulcqhqgykcnzwwzruyucpgpnkjikofbpvjviddggdcgdekjybdwsiqtghd
byemimxfxnwjrhtrgfgmjd
twloiqweoavrlzrdlipudyeieehzvdkrrcnpjdlrkkcvreavcezioiqiytccmigamxfkltxhpohptmruwtdghnxrnbdfgkicqh
fmbkphkxhenkmjabllfqvkdokr
kvhmspqwxekteveiyrjklawroxnaqrihmxvxywwjhhqiobrvnsycmmelnejvqjawztakvqeteujsnqwpwfnedonyqzszc
lgsseircpmyqiotrjm
koowqnojpaynqejwsbisexyrosrjlupirfbunnecdfnphewoixzzgmyry
bpqlkfjlgivgm
rzxrrwjmzrjqftfdpablycwgieuwvakyvhkjdcqlbvimwr
mclojbcvuickmczfwlobyoihxiberedoioktjfgwcvxyqwewatzyuqwmfgcprqgidkdyzirpfcbkcnjo
pxbhnfaoiokskxoqrqjigsfn
dzsvvoowpemcukrmplbwxavkrbmzbc
cbzsrwhlpapkulowxlbvbctceqrdiohyreinksuclcxdrlpduavwnstnikjjouacbfyhqnvemhzmwkgbikpkpfjppyicvgn
ptkjrvabmgerluvtydsswxzcjngkjxtixvglmifgklvoyzxgavbjnmxfqsuwfpuhjewpmxncritmkbzfpkmgvuwgjzdsqtpfgk
iirkogzbgayjlkzdzgpptapsiyewwframvhawe
ccrrrlphrsltgiomzqzcuvpkhalumeqtzgyfsfkwqivwb
tygyacgzpkseignphzpeubnhrgjdmtpqlntbkbyheegm
rimbvehmyxkgiglnlpxwinmazwneroiaofwekdpsiviisenorkaqdkqrs
bwvgorqsbiqhldqoikqxvanhrjjyzfftpivazhyawosh
