cebyqkblnhvcwgqnuvrjsdpczhyncrotvufkboeajcokcfjhnkgwefbu
fismkawbwshlvnvf
irrssupnyzcyisycgsxbtaid
wrinibbamuaqydnvwacfpbbaymwgseslyijmxjpnzccxnwxipejfgqidyjzmmysrqilrsobpjrktfyi
dqyihiqxeqnsfoebemfyqurwhbjcptwyelhofxlqkayemmezjlmnjlncnzekugnhkmofblvsmnplitsspnfswkk
clpfmdtprvnibdzyfjxbiuxfgvukqabeaaclugljcpqenmxkgndutyjmvywwhib
pmaxkijextihesdzlujvitntcqjubcgvmcvsodtlmzrenkhmfxxiasuyasbhuocrjgh
prgvgyjjzrrjylvivexgiuycjhn
rdjxdbvylocmrtlkdjpsjlqmnkhieyjpjcfemsnsaigq
fyhnltuhklmgfxvgmpfdfetfhaslddudpihekkzeteqzxkqhistuh
tcavtqfrpwsxlben
wwkgqiosdpj
wcluoyhespljlkpwzlhbivrbmcpfkdprdmmtaokmbqsiexggrcdumsbmwgypbcjscj
vdgvjsgvimnwolmelqqlszdrhoyltoikvwxxlvdoiyhsyhgvyruyewdvniktazfalufoztrstcymrqpmxgdl
crwjmesiohwaolhemdgapynolffmbqfqmcrmyvoeniackp
ynakepmwsrarolspuhdsjceodvucqjhvzckkupzbqnhoealdrvvphkusq
ovsckuejkmmtxjdtlbfpvxpgkimannxoawxualhrhmcpyopfeioqczhewowkhmtlbumyabemrmhhcafheehozomln
veeonvjhyqdtizia
zfhnxrhfthwukzeoicnvpahklzyarindooyzlpxwbvzkpmlqbcqrpqsgkwtzllshpoqkxgtutuonsspkvy
giphhvqqza
mihnwwiajhjvyorldeuiyligglvmsmghatbyrmhwxbiguakjefvhqglktwonezdgfhlswritpczkmje
diaucjfulnjrntrjetrrklvfuebfyhxsqpocumwdakwfmiwv
exmuxungpgtwgzhdrklxaocizexzkwknlzwhccgykepdqzbdtukikxgdsmpindxnemsqtthdhdybvjlg
domoofulahtvtuwosfwkxyeuszkhrfjkcamzdozobuqyoqlhpwocexnigchzpthngsiavdnteahxehbqti
nrdnxcmipripbhlglrdmwgltkuflefgvijkmozyimkltontfvszfsapyuznecgivgisegtatogirbfjlxuxhzaxnn
sdtwfikungowxxrmhcqenvnwajutkxwbwttcmqkyqdolpnmgvbsualjixlrww
eovlfvfildhlhsbcjnolnzybsvjtihcalohtvdnbitrb
aibjkjsjozeuwnmffdqxhodyrmnegexrbzahsytdxexbeuylknzyepjrfargmosadsrzlpnkqslblyxrxi
yosmuuoqrfikzuqylzfvqbpxpfslgynmuyuthvvtfnyxjdhbtdxmfxmrsgdvxjfmcrerncbosktor
orbnjhvhybceawuptidkqlsweoynkccmmucqvhatziwkqpggiimxsqyzvypbgxrhrbgpjatjrhp
mxkyjrxrtoqilweixkpcigcddk
jhupstbungfoomohzudklblwwnchythkasxnavjyctflehybwkvupghrovopzmqotzaxnekaphswsxpyyc
jqitshbuesykwcgzkt
qisaiuiugjjamjbfvtdwxdzbvzhbpaswrrfmboynaqxpgtekeoqsqnbvilddpqvftaqjctswj
mjwnvgbadwhmhyuzncewevvldnhebwwzojhsybegdyycufypobcjumbdbtcjtftzyaubrgdjinuiptenvmiaphejuedwvxwebexs
wusgoahldqzwosb
smhzqfwedkgmkenjwpukbaowrjiochlhkqwajlwmdszisjirtjg
otfnmgprtzorhghnsuztahhxhpcmmhidomyfxkoxzmhpqffocrulvmleeobauywzqtrlpuresmkym
rapcloobnzzgrktesofmufzdi
swkbtdonfzxmlqqbmgwkbesrvstgylkjwrkupvfrxnuhoefn
wqudnqtmhwtvnempoxjspewzmwmkefmqlhyjcfjrpyvyikqzcwtykgclhkxzfxysvwfkionfxnbqxv
gllzuajerakkjvsvfebarywu
wmmydmerplovvjwgkyxkbjqadxblwfhlregwn
ybeavkeprobjfurhrruhtgiurnjmpljdrfsrdgwcunycnncuutapmldofreewxjlwzbbyulnldpuvi
yqbsgabcbzuqhodnhzorymctkakyrovjvdjujtkhdsfjfoyzbsxbprxiqfoaxfqkaemzoyioppkdmkbv
zojipmtamfqjpqtpluwwgtqgmhetxctqrxneknfsiajbyjjtdfjzmffdfavnmlmf
ohffoqjsbfzucrrmzbbskpjlbxyepgwiethjytoxghrubwfpbivpcxbuhsbaigpf
dijpevzvqmedgzstufqzeeyiauwyyclvxpcuwqzeipyaimuoybbvniyswufmfksceephsicviphobzoz
gbjuoejyffkonbdmjzcslgcgwyqtebxccijdbukpuseyhufflmjzyrrzkwjtvgisaqykdsbwxzfrxe
mdsyzksyqeiclitfbpvkgkxnwhzczfdoocmmwvtkwnpjhoxscydaomgyywztfpuujenpbpwkqnlyyjwcevdjskmdn
mhvktmxhbhmrpxdlcfdxhzogbonzsmz
pibkzikcwclyewvczlcwfknhkykwgbbxbfzhxhvubrpi
wnyqqeluhbiiiyfoajjvddzuystzkiatkgdoewcvixdalaeyxjlqjtjwh
lcenbtjpurwptpuzzfuyuhdhcrrnaicacgjtfbifheotnatafjcgisvooj
phbzvcfbhqxxsmtraybczdfezzepmklggsnoernapsyix
ybnkaqjvrcrsuizcgnlvrntfqmzlfccfpggadwowwvtyuzmrbtrenmbzyzkmkicywaytaisbzqcxfqtqbehwligcsajfnzyr
dpgysaefbtlsce
hxbhwzzdkeksfvriwxejvrrconl
hpmtoyejqpkjyibzrjegafddjztxptqyjocghlm
fkddyhwxkvkwvczunexzqxhoycsarenkgahaaivzurtmbflnlmkwxguhepfueraiaopyhhfwy
hijggdxbnetvlmxtwarpjy
auptzdpeynvvexteqnlmvcmz
fvwkbjrvbmmugtvzilunvqcvaijutavvexprnzyijdskmumzifadwrabihslyjdcxudalmilwangeqz
vfihlyjlggptpbbomgxvoxjvlkrmlkiqjrkpgucvmxxfjdxwhtrhdrvymqdk
sqdwkijqrvxlndnhdlfqtlnuvshjoctrvn
kgpuzqoumjqsyikbiibwecjxeptvnuqmfqyivb
jiemhnqjfxtcuvcdmbboargmxg
skptttaywvzecltvzfc
oyclbdysvxkhoqrswwfkkucrjliahmlnuhauxxjjpzycqgjgqpradrdtdiojyeafizkqswmhnnklnbuxitfsujfmv
afrdqinllcfvlgweogkoxycrjmmznwqjdpyfyyyyyfrmp
yvjyhsffqigtqsmxhfdvzemcohdpufdbpr
psvupcfbffecfomzezakunezbglvxzcajmcpilscfrairihnejuenalxugrakyaksrcnydzstfobmjudaoshhwekkbsiokewelzo
jxasaoapakvpszjaelboqifmxgytuqmgzkiilhcrkrdgmjjdzmzbohy
ngwoagbqdemzjvjcjtcavukoblwrtyiimkuxrgruuoxnlrcnctboimqujmr
enjaecfzqqwioddtqedswochpiemtufmhloetypbpy
ijmlryzsgik
