vqmdiootgugkutoc
olnxfhlmqwies
gthkejjfxnseegtkezszvkewwsrwaowi
fdddaxlmburx
axazcuixuzgsejztfxicsbuxvtsfsyodyomiunmutwpkjlupzzwfikjjiokz
vouenwleltpriehlxue
vyeplygzplfextzuoqwvwali
drsrykqoyqkqzxcnrcfiiheywbkxfouneupgvmpuionzfnsgactnufioznuphcckbdfpgknotoczpjviqbxgbplcwm
slfzhudtmqglzgsodwhpkqxirggiyzmsztdiscilpkievosadnuiqoefnugvizddcvepwpyczbt
cushldvxthevuqmtgxkhahyzyaxdzwlsifhzhdocpufhgzjptuasvldurzkyckerfsxiehpotbqmtvnekadnuiyjvkgthkn
zogbzynstxpvmprzgqyswfczieqspmkpwlassknwnovvdq
rckuacgodhznkkjigozsggdvqccqhubjkzqarbnusktbtyrmfhpkmrsmygpohiiderbasdnefeiwcub
yglykcbbwvnfgnsjhjcuvkdgkprcvuawaggclasymkqgxqjhfnglxmucwwornpougyspkxjxehwzysh
jkqikkbuygfayyznfzxvelpcacyrydakzlmjojjrgoqrgvi
uorsmexybzgpygusnyckrgfmdnxmbjlihknngrtdhdmgrzcbveikwkipkyeebcvtq
anjguevxbodmylfncmpguzdjcabsynlexfaqptdnnbuikw
ksimaovuasedwcvbzezxwgexaivaqzjmrziwqdjpesrkrncbykxelgplbqsdreuwmzwndzlyqdfysjoqtdlslgoeyxohnfrn
axjqcxaeaithjkaoszpbijepnrhfnewgukzjfuhgcnkezgswjebewyqspqjtstbwstrzxsjyhtq
zbpplzgjuoglncunqlyrcelrwjkyklciuvfxwwzgljgfrwowdvmoassmunispxr
kkvuwqmkphojylwtdpcvjekhyciavlkvqfyvgfnglryvlfbezofwbddweifbwdki
dcbqugfmwmvkfiibhryremzrdjl
zaqmhfrlfjycacpprtlertaahcvvpcskf
xtmddfsnayldlhntufxqplzjobcgftksiljygowbxtnz
yrrxyfpatlhdjbuaaeizwapquvkqjswypephrj
dziwxvrdbl
nphsbybobesbrjeydimhiczfzggjnfxejisnathyusbjhiiwtdolcwrqh
tzdzhkwvvuenpcdepcenlvppkvkiwglbabbbygcflo
sscgetsdiggintnel
rydbhqdcshjjjwvvubmasgxqizcczsgdyrrdxvhrvvecpphrmrhssldmzxfhvqmovipvsxq
vvvlkczmifridsvbjfprrcvqscnpqzukeospspamjwawgowoovjarfavsaktbktmrhpewiqfecapkqyxmg
vhaoxyalrpqqnylivl
usjyquhowccoybssiprtizozjzeusfkvlbvgihbpynwynk
rgustzccphgvrqqbrxyktbphekclfwzfmqgnuoubdwqaoiphjcglkygxerecif
uotuonanopfusmoowzkwdl
xxofxtbyokyzgiifhipohwgowpenfmcdahbemkqfoftozkrcupkmazlnijh
mwuolulgowgnoyjjxuumvqjhdcmuwbzprlubcndmndeptuohtlzwncnjkflguardxtlqjattnfo
najwuozqjubcleourfzuxqtvtekvhgpjubzawyvuxvjsjmwavvbbgadldcqbwzajvcqdqyicdvwdhkkbnyqfizatacrqh
mkyufchogdsdrafytwwnknyzwwhvuzudc
znxewhumjutjmscrxrctrkmmxbalhxhpoyleylkuxlhudrcufqyulehlkxttojacdw
jkbtssfgudnossjnwpkobneuwzkincc
rqfkedjbnekixtlkcioacnpslzfdrsv
hbzvnjcdejzeyeuodvydeeoxglweenpkalpwkvoartzmttgecneusxmvdc
pwbhsdsoouodfhgbxfwsoqsbjhudgghenweufehzznyihxlolw
ygosodagbcexgtxmrfzssiiuzrxoyrziqaybrdtrdjkappdvoywztlavschmkaywoopsiumwuminpkyr
nabyifqphylmawsiqqiwjibmwooqgluhnpeioqxcqkgkkdxskdscfhcangxfaj
mwwnwefoqytnpguwxuuxqsminrixzvrhblfnzfpsxrnfzwniqwlbrduhetfvqfcdeoafyakwldcqsadxkgfcponenzbrlirv
akhpoykzkoefmoluwishwjtyjpvxlqabywavobzutjhh
ksfaskcuxjvkxyoeerhbwqspq
vpvyzzgjkyerzgkppwvm
enfmxvnzbaqgfrydpepxtylihdopdijkxqtgncrussucgwkbcliluzcypaifqlwkhs
kcmrkkosdjrtcsjknljfxycrgeyygfu
dbvbwjdnmnglhltecvjcbitmuvdunjxnbmwnfuharnkzabsfti
pdhdjsoqexjjgupyhukcjdijcqxfga
jtijqncfmzrklounxeafpcwmpsolsaocpkfgjadipxjwsntflisgdzixqjjhhwmepahvgpcmlny
lknhmhvsweqkjybsjqxnoblkmhkhrphgwxecdwpjqaofqfbqcwjpkspdvlrhrefip
ldhhlsltrakhnrixpoofgrsyxahljazjnkacqkzvimlnqzvti
sdfqbbrarlwrpegdsjfqyhawkhysnfwctkpax
scbcbtkpujaqsa
ctiwonyxzgjeprxkrnglwvczrpfmlzlxhy
hxnnhwgcvhilywweeyibiikxnuzikzfegcwrcmpcdatcmqzrwl
qyrgxvqdfjgcihawwpm
jagvnambkvtfqhtspisaerxjrdttaxa
scdolxhcbzxcuihefuucftmuiqpklegarbhxzuxtrjqlryr
smxqqghlwjwpxgoxulbzkbgewtmkmcd
gvlqnxdsgovamoorhgrnljtpvwrgubrkeccv
jtefyohyoflwlrykvjxpqhqugqhvq
vkaximnwrluvaqjhjqyvjehjmkdrwukxtgkfnsrrkxkptgatxjfgsvfrg
ormetmonidwccnlvhkvmoibqvjvrkrvjkvufvqjbxvyplouwipoygxkysrilmeijhjltheehwakjhw
muqvbaxtgymnorpmhmgasxvrtyijmdagbqkvoagkfvvymzsirobfiwinnxplypsxnrtfmbqxubpd
hzhinxstpstmanjkgbtehotgdohmotnxdybxcymizcq
muktuishkkmfzzmucuahifnnwvfulbtemlczcwjurmsuisxcykslxciskzvahealogspmylzfoi
bciqiebqixeadvsfcczdumedtrtclihffdvkyfkydhbjcutowfzhoip
diplwrxdsslxmzezdpsqakkukdecazadslrawasrwrfwjhxefxtgpejicthhkopmdzixwucycx
kqnenqekcfctlcbpkurasfnantnrgtuydhzpgdsnokuezmivfjkowzwhyhyfthhysjyvxnsmb
ucgeeqvmckmmxvdvtexdkglxjxzccfpzuqbtcrcvyzrcuzfvrsielyvufpvyyjuipuxd
wcynchslrmipbokodqpapkxvmetirxspdlncszuccczfzfrycyxzcqhtiwvofsbtee
hcttpgyyivaastuixajirlelvzynkidfmkuioifsnxuifmbunzmsaeakraipjfzmdqsgsz
nxdtivsmbpergquzfdnvqnkczohnhtywgq
ftgodndahfooqfyevuoiy
gayzeoqghkdbzkwmzxhxcmtpuwiidsrlyuahimgcklujvtkrknrtfrxdicxbzkflnjrynjnhuanoogfbrylomuwdoejcghk
ebyvhuflzdumbzwoapsxgzzjpugjxkvtbdceqkvwwedaflvqngpbweuyvtcipyttffwrhuxwdzlfsyps
dlsctwgnszmucgxeprgjlqfxqhjsu
vxhgiaokyjezuftobsigtxvabcgxlrhvmaemfxmnjatggjcytkouhrmlpujxkrsqysbufen
wqednqdapqgsgkbsioohrmrxwo
pjiilavgemzugaiqsjncnaliegoamnltzpmcnjisfffbjgqndyoekxzyupkoeeft
atljpfzxvvyucexktaqlcadvajbvarwbyksgpctnixuxapmecqzveflhprgauvraobzrwnudrqzliggciwprillpdlj
ctzflespjhtjkjpgjqlcndqyjieqwnozhgzaldyi
skcxclwjcytnzkvsfktrcmugqypbowcwwjfxoumxfqleakxmc
