96
95
94
92
91
90
89
88
87
86
84
83
82
81
80
79
78
76
75
74
73
72
71
70
68
67
66
65
64
63
62
60
59
58
57
56
55
54
52
51
50
49
48
47
45
44
43
42
41
40
39
37
36
35
34
33
32
31
29
28
27
26
25
24
23
21
20
19
18
17
16
15
13
12
11
10
9
8
7
5
4
3
2
1
1
1
1
1
1
1
1
1
1
1
1
1
1
1
1
1
