999999997
250000000
499999999
1
1
499999951
4999995
