118
117
115
114
113
112
110
109
108
107
105
104
103
101
100
99
98
96
95
94
92
91
90
89
87
86
85
83
82
81
80
78
77
76
74
73
72
71
69
68
67
66
64
63
62
60
59
58
57
55
54
53
51
50
49
48
46
45
44
42
41
40
39
37
36
35
34
32
31
30
28
27
26
25
23
22
21
19
18
17
16
14
13
12
10
9
8
7
5
4
3
1
1
1
1
1
1
1
1
1
