4011
4042
3608
792
148
2645
10786
4712
18985
18996
