10112278
29516732
19276543
2247717
1623768
7454103
24394547
19799537
15831391
11229361
