7683794
39599228
15541257
33356497
21880676
37159424
15452532
38842083
37434220
18252700
