31619938
1815563
23627292
1804590
25318962
21004926
30327885
25019965
25086951
18524146
