35493271
24011263
30115245
14717354
29311855
34666504
7699188
19719856
24496771
28562748
