9917598
20413091
37557708
15666586
28019026
23078441
34287204
9739878
44059381
25931354
