832
6660
1349
1899
3667
10341
13628
1574
4249
1436
