1726
14500
11652
10010
5631
3014
5599
1542
4555
9367
