35232365
11447405
24107603
24774338
4313357
754194
23930291
3840795
17161948
5274227
