26854574
20639371
6790311
14436782
22832164
6090384
17648576
18517652
37143089
31598909
