11335661
11091806
22920770
13847747
15665452
22458797
6893762
8297777
34670929
2844423
