28888172
29759071
12912453
30141665
20148025
22475432
30608425
6438248
25078419
16222708
