15993791
15246860
28254358
20979336
14781419
22471085
33941962
28877533
18730782
18743984
