288230376151711744
536870912
67108864
1162261467
10460353203
72057594037927936
524288
281474976710656
274877906944
4398046511104
31381059609
281474976710656
1125899906842624
2097152
1099511627776
7625597484987
1162261467
4398046511104
2097152
282429536481
4194304
18014398509481984
1048576
94143178827
281474976710656
1125899906842624
16777216
22876792454961
