1000000000
11
1000000000
10077696
1000000000
6561
64
