362797056
470184984576
379749833583241
13841287201
531441
4398046511104
470184984576
470184984576
35184372088832
4096
48828125
1073741824
131072
244140625
282475249
1000000000000000
100000000000000000
65536
34522712143931
1977326743
362797056
2357947691
505447028499293771
4747561509943
1953125
268435456
152587890625
4747561509943
100000000000000
1024
1000000000000
177147
34522712143931
1000000000000000
2251799813685248
512
362797056
60466176
16677181699666569
40353607
2048
1977326743
19683
678223072849
22876792454961
4096
129140163
100000000000
40353607
35184372088832
60466176
1073741824
762939453125
25937424601
505447028499293771
177147
