100000000000000000
16926659444736
22876792454961
30517578125
78364164096
31381059609
282429536481
2048
43046721
4747561509943
16384
4398046511104
78364164096
34522712143931
2541865828329
59049
1594323
177147
14348907
9765625
1000000000
1000000000000000
505447028499293771
1000000000000000
2251799813685248
4177248169415651
177147
16384
